## primary before alt
# meta
cols=80 rows=24
cursor=15,0 visible=true style=Block

# grid
primary content·································································
················································································
················································································
················································································
················································································
················································································
················································································
················································································
················································································
················································································
················································································
················································································
················································································
················································································
················································································
················································································
················································································
················································································
················································································
················································································
················································································
················································································
················································································
················································································

# attrs
(none)

## alt screen active
# meta
cols=80 rows=24
cursor=18,0 visible=true style=Block

# grid
alt screen content······························································
················································································
················································································
················································································
················································································
················································································
················································································
················································································
················································································
················································································
················································································
················································································
················································································
················································································
················································································
················································································
················································································
················································································
················································································
················································································
················································································
················································································
················································································
················································································

# attrs
(none)

## primary restored
# meta
cols=80 rows=24
cursor=15,0 visible=true style=Block

# grid
primary content·································································
················································································
················································································
················································································
················································································
················································································
················································································
················································································
················································································
················································································
················································································
················································································
················································································
················································································
················································································
················································································
················································································
················································································
················································································
················································································
················································································
················································································
················································································
················································································

# attrs
(none)

