## after bracketed paste content
# meta
cols=80 rows=24
cursor=17,0 visible=true style=Block

# grid
pasted text after·······························································
················································································
················································································
················································································
················································································
················································································
················································································
················································································
················································································
················································································
················································································
················································································
················································································
················································································
················································································
················································································
················································································
················································································
················································································
················································································
················································································
················································································
················································································
················································································

# attrs
(none)

