## after CJK + ascii
# meta
cols=80 rows=24
cursor=9,0 visible=true style=Block

# grid
世»界»hello·······································································
················································································
················································································
················································································
················································································
················································································
················································································
················································································
················································································
················································································
················································································
················································································
················································································
················································································
················································································
················································································
················································································
················································································
················································································
················································································
················································································
················································································
················································································
················································································

# attrs
0,0: [w=Wide]
0,1: [w=SpacerTail]
0,2: [w=Wide]
0,3: [w=SpacerTail]

