## after mouse mode set+reset
# meta
cols=80 rows=24
cursor=18,0 visible=true style=Block

# grid
mouse modes active······························································
················································································
················································································
················································································
················································································
················································································
················································································
················································································
················································································
················································································
················································································
················································································
················································································
················································································
················································································
················································································
················································································
················································································
················································································
················································································
················································································
················································································
················································································
················································································

# attrs
(none)

