## after OSC 52
# meta
cols=80 rows=24
cursor=19,0 visible=true style=Block

# grid
after clipboard osc·····························································
················································································
················································································
················································································
················································································
················································································
················································································
················································································
················································································
················································································
················································································
················································································
················································································
················································································
················································································
················································································
················································································
················································································
················································································
················································································
················································································
················································································
················································································
················································································

# attrs
(none)

