## after OSC 7
# meta
cols=80 rows=24
cursor=9,0 visible=true style=Block

# grid
after cwd·······································································
················································································
················································································
················································································
················································································
················································································
················································································
················································································
················································································
················································································
················································································
················································································
················································································
················································································
················································································
················································································
················································································
················································································
················································································
················································································
················································································
················································································
················································································
················································································

# attrs
(none)

