## after OSC 8 hyperlink
# meta
cols=80 rows=24
cursor=17,0 visible=true style=Block

# grid
before LINK after·······························································
················································································
················································································
················································································
················································································
················································································
················································································
················································································
················································································
················································································
················································································
················································································
················································································
················································································
················································································
················································································
················································································
················································································
················································································
················································································
················································································
················································································
················································································
················································································

# attrs
0,7: [hlink]
0,8: [hlink]
0,9: [hlink]
0,10: [hlink]

