## after OSC 133 marks
# meta
cols=80 rows=24
cursor=0,1 visible=true style=Block

# grid
$ echo hihi·····································································
················································································
················································································
················································································
················································································
················································································
················································································
················································································
················································································
················································································
················································································
················································································
················································································
················································································
················································································
················································································
················································································
················································································
················································································
················································································
················································································
················································································
················································································
················································································

# attrs
(none)

