## after feed
# meta
cols=80 rows=24
cursor=14,0 visible=true style=Block

# grid
TRUECOLORplain··································································
················································································
················································································
················································································
················································································
················································································
················································································
················································································
················································································
················································································
················································································
················································································
················································································
················································································
················································································
················································································
················································································
················································································
················································································
················································································
················································································
················································································
················································································
················································································

# attrs
0,0: [fg=#0a141e][bg=#c86432]
0,1: [fg=#0a141e][bg=#c86432]
0,2: [fg=#0a141e][bg=#c86432]
0,3: [fg=#0a141e][bg=#c86432]
0,4: [fg=#0a141e][bg=#c86432]
0,5: [fg=#0a141e][bg=#c86432]
0,6: [fg=#0a141e][bg=#c86432]
0,7: [fg=#0a141e][bg=#c86432]
0,8: [fg=#0a141e][bg=#c86432]

