## after multibyte UTF-8
# meta
cols=80 rows=24
cursor=12,0 visible=true style=Block

# grid
café 😀» done····································································
················································································
················································································
················································································
················································································
················································································
················································································
················································································
················································································
················································································
················································································
················································································
················································································
················································································
················································································
················································································
················································································
················································································
················································································
················································································
················································································
················································································
················································································
················································································

# attrs
0,5: [w=Wide]
0,6: [w=SpacerTail]

